<?xml version="1.0" encoding="UTF-8" standalone="no"?>
<testsuite failures="0" name="cucumber.runtime.formatter.JUnitFormatter" skipped="0" tests="2" time="277.570881">
<testcase classname="_Login Test" name="_Sucessful Login scenario" time="141.15692">
<system-out><![CDATA[Given I am able to access magento webpage...................................passed
When I update the username as "natarajan.ramanathan93@gmail.com"............passed
And I update the password as "Welcome123"...................................passed
And I click on the login button.............................................passed
Then I should find the magento id as "ID: MAG003417822".....................passed
]]></system-out>
</testcase>
<testcase classname="_Login Test" name="_Invalid login" time="136.413961">
<system-out><![CDATA[Given I am able to access magento webpage...................................passed
When I update the username as "natarajan.ramanathan93@gmail.com"............passed
And I update the password as "Welcome3".....................................passed
And I click on the login button.............................................passed
Then I should see the error message as "Invalid login or password.".........passed
]]></system-out>
</testcase>
</testsuite>
